[36mvite v7.3.1 [32mbuilding client environment for production...[36m[39m
transforming...
[32mΓ£ô[39m 43 modules transformed.
node.exe : [31mΓ£ù[39m Build failed in 274ms
At line:1 char:1
+ & "C:\Program Files\nodejs/node.exe" "C:\Program 
Files\nodejs/node_mo ...
+ 
~~~~~~~~~~~~~~~~~~~~~~~~~~~~~~~~~~~~~~~~~~~~~~~~~~~~~~~~~~~~~~~~~~~~~
    + CategoryInfo          : NotSpecified: ([31mΓ£ù[39m Build fail 
   ed in 274ms:String) [], RemoteException
    + FullyQualifiedErrorId : NativeCommandError
 
[31merror during build:
[31mCould not resolve "../../../api" from 
"src/pages/participant/ClubsListing.jsx"[31m
file: [36mC:/Users/HP/Desktop/dass_assignment/frontend/src/pages/part
icipant/ClubsListing.jsx[31m
    at getRollupError (file:///C:/Users/HP/Desktop/dass_assignment/fro
ntend/node_modules/rollup/dist/es/shared/parseAst.js:402:41)
    at error (file:///C:/Users/HP/Desktop/dass_assignment/frontend/nod
e_modules/rollup/dist/es/shared/parseAst.js:398:42)
    at ModuleLoader.handleInvalidResolvedId (file:///C:/Users/HP/Deskt
op/dass_assignment/frontend/node_modules/rollup/dist/es/shared/node-en
try.js:21710:24)
    at file:///C:/Users/HP/Desktop/dass_assignment/frontend/node_modul
es/rollup/dist/es/shared/node-entry.js:21670:26[39m
